[5/23/2022, 4:05:25 AM] layer "+": Expected Either a default asset specification or a layer asset specification but "+" found.
[5/23/2022, 4:05:25 AM] layer "+": Expected Either a default asset specification or a layer asset specification but "+" found.
[5/23/2022, 4:05:25 AM] layer "+": Expected Either a default asset specification or a layer asset specification but "+" found.
[5/23/2022, 4:05:25 AM] layer "+": Expected Either a default asset specification or a layer asset specification but "+" found.
[5/23/2022, 4:05:25 AM] layer "+": Expected Either a default asset specification or a layer asset specification but "+" found.
[5/23/2022, 4:05:25 AM] layer "+": Expected Either a default asset specification or a layer asset specification but "+" found.
[5/23/2022, 4:05:25 AM] layer "+": Expected Either a default asset specification or a layer asset specification but "+" found.
[5/23/2022, 4:05:25 AM] layer "+": Expected Either a default asset specification or a layer asset specification but "+" found.
[5/23/2022, 4:05:25 AM] layer "+": Expected Either a default asset specification or a layer asset specification but "+" found.
[5/23/2022, 4:05:25 AM] layer "+": Expected Either a default asset specification or a layer asset specification but "+" found.
[5/23/2022, 4:05:25 AM] layer "+": Expected Either a default asset specification or a layer asset specification but "+" found.
[5/23/2022, 4:05:25 AM] layer "+": Expected Either a default asset specification or a layer asset specification but "+" found.
[5/23/2022, 4:05:25 AM] layer "+": Expected Either a default asset specification or a layer asset specification but "+" found.
[5/23/2022, 4:05:25 AM] layer "+": Expected Either a default asset specification or a layer asset specification but "+" found.
[5/23/2022, 4:05:25 AM] layer "+": Expected Either a default asset specification or a layer asset specification but "+" found.
[5/23/2022, 4:05:25 AM] layer "+": Expected Either a default asset specification or a layer asset specification but "+" found.
[5/23/2022, 4:05:25 AM] layer "+": Expected Either a default asset specification or a layer asset specification but "+" found.
[5/23/2022, 4:05:25 AM] layer "+": Expected Either a default asset specification or a layer asset specification but "+" found.
[5/23/2022, 4:05:25 AM] layer "+": Expected Either a default asset specification or a layer asset specification but "+" found.
[5/23/2022, 4:05:25 AM] layer "+": Expected Either a default asset specification or a layer asset specification but "+" found.
[5/23/2022, 4:05:25 AM] layer "+": Expected Either a default asset specification or a layer asset specification but "+" found.
[5/23/2022, 4:05:25 AM] layer "+": Expected Either a default asset specification or a layer asset specification but "+" found.
[5/23/2022, 4:05:25 AM] layer "+": Expected Either a default asset specification or a layer asset specification but "+" found.
[5/23/2022, 4:05:25 AM] layer "+": Expected Either a default asset specification or a layer asset specification but "+" found.
[5/23/2022, 4:05:25 AM] layer "+": Expected Either a default asset specification or a layer asset specification but "+" found.
[5/23/2022, 4:05:25 AM] layer "+": Expected Either a default asset specification or a layer asset specification but "+" found.
[5/23/2022, 4:05:25 AM] layer "+": Expected Either a default asset specification or a layer asset specification but "+" found.
[5/23/2022, 4:05:25 AM] layer "+": Expected Either a default asset specification or a layer asset specification but "+" found.
[5/23/2022, 4:05:25 AM] layer "+": Expected Either a default asset specification or a layer asset specification but "+" found.
[5/23/2022, 4:05:25 AM] layer "+": Expected Either a default asset specification or a layer asset specification but "+" found.
[5/23/2022, 4:05:25 AM] layer "+": Expected Either a default asset specification or a layer asset specification but "+" found.
[5/23/2022, 4:05:25 AM] layer "+": Expected Either a default asset specification or a layer asset specification but "+" found.
[5/23/2022, 4:05:25 AM] layer "+": Expected Either a default asset specification or a layer asset specification but "+" found.
[5/23/2022, 4:05:25 AM] layer "+": Expected Either a default asset specification or a layer asset specification but "+" found.
[5/23/2022, 4:05:25 AM] layer "+": Expected Either a default asset specification or a layer asset specification but "+" found.
[5/23/2022, 4:05:25 AM] layer "+": Expected Either a default asset specification or a layer asset specification but "+" found.
[5/23/2022, 4:05:25 AM] layer "+": Expected Either a default asset specification or a layer asset specification but "+" found.
[5/23/2022, 4:05:25 AM] layer "+": Expected Either a default asset specification or a layer asset specification but "+" found.
[5/23/2022, 4:05:25 AM] layer "+": Expected Either a default asset specification or a layer asset specification but "+" found.
[5/23/2022, 4:05:25 AM] layer "+": Expected Either a default asset specification or a layer asset specification but "+" found.
